Bootstrapping servers
[WARNING]: Invalid characters were found in group names but not replaced, use
-vvvv to see details

PLAY [Gather facts for all hosts] **********************************************

TASK [Group hosts to determine when using --limit] *****************************
ok: [comp01]
ok: [ctrl01]
ok: [localhost]

TASK [Gather facts] ************************************************************
[WARNING]: Could not match supplied host pattern, ignoring:
all_using_limit_True
ok: [localhost]
ok: [ctrl01]
ok: [comp01]

PLAY [Gather facts for all hosts (if using --limit)] ***************************
skipping: no hosts matched

PLAY [Apply role baremetal] ****************************************************

TASK [openstack.kolla.etc_hosts : Include etc-hosts.yml] ***********************
included: /home/tai/.ansible/collections/ansible_collections/openstack/kolla/roles/etc_hosts/tasks/etc-hosts.yml for ctrl01, comp01

TASK [openstack.kolla.etc_hosts : Ensure localhost in /etc/hosts] **************
ok: [ctrl01]
ok: [comp01]

TASK [openstack.kolla.etc_hosts : Ensure hostname does not point to 127.0.1.1 in /etc/hosts] ***
ok: [ctrl01]
ok: [comp01]

TASK [openstack.kolla.etc_hosts : Generate /etc/hosts for all of the nodes] ****
ok: [ctrl01]
ok: [comp01]

TASK [openstack.kolla.etc_hosts : Check whether /etc/cloud/cloud.cfg exists] ***
ok: [ctrl01]
ok: [comp01]

TASK [openstack.kolla.etc_hosts : Disable cloud-init manage_etc_hosts] *********
ok: [ctrl01]
ok: [comp01]

TASK [openstack.kolla.baremetal : Ensure unprivileged users can use ping] ******
skipping: [ctrl01]
skipping: [comp01]

TASK [openstack.kolla.baremetal : Set firewall default policy] *****************
ok: [ctrl01]
ok: [comp01]

TASK [openstack.kolla.baremetal : Check if firewalld is installed] *************
skipping: [ctrl01]
skipping: [comp01]

TASK [openstack.kolla.baremetal : Disable firewalld] ***************************
skipping: [ctrl01] => (item=firewalld) 
skipping: [ctrl01]
skipping: [comp01] => (item=firewalld) 
skipping: [comp01]

TASK [openstack.kolla.packages : Install packages] *****************************
ok: [ctrl01]
ok: [comp01]

TASK [openstack.kolla.packages : Remove packages] ******************************
ok: [ctrl01]
ok: [comp01]

TASK [openstack.kolla.docker : include_tasks] **********************************
included: /home/tai/.ansible/collections/ansible_collections/openstack/kolla/roles/docker/tasks/install.yml for ctrl01, comp01

TASK [openstack.kolla.docker : include_tasks] **********************************
included: /home/tai/.ansible/collections/ansible_collections/openstack/kolla/roles/docker/tasks/repo-Debian.yml for ctrl01, comp01

TASK [openstack.kolla.docker : Install CA certificates and gnupg packages] *****
ok: [ctrl01]
ok: [comp01]

TASK [openstack.kolla.docker : Ensure apt sources list directory exists] *******
ok: [ctrl01]
ok: [comp01]

TASK [openstack.kolla.docker : Ensure apt keyrings directory exists] ***********
ok: [ctrl01]
ok: [comp01]

TASK [openstack.kolla.docker : Install docker apt gpg key] *********************
ok: [ctrl01]
ok: [comp01]

TASK [openstack.kolla.docker : Install docker apt pin] *************************
skipping: [ctrl01]
skipping: [comp01]

TASK [openstack.kolla.docker : Ensure old docker repository absent] ************
ok: [ctrl01]
ok: [comp01]

TASK [openstack.kolla.docker : Enable docker apt repository] *******************
ok: [ctrl01]
ok: [comp01]

TASK [openstack.kolla.docker : Update the apt cache] ***************************
changed: [ctrl01]
changed: [comp01]

TASK [openstack.kolla.docker : Check which containers are running] *************
ok: [ctrl01]
ok: [comp01]

TASK [openstack.kolla.docker : Check if docker systemd unit exists] ************
ok: [ctrl01]
ok: [comp01]

TASK [openstack.kolla.docker : Mask the docker systemd unit on Debian/Ubuntu] ***
changed: [ctrl01]
changed: [comp01]

TASK [openstack.kolla.docker : Install packages] *******************************
ok: [ctrl01]
ok: [comp01]

TASK [openstack.kolla.docker : Start docker] ***********************************
skipping: [ctrl01]
skipping: [comp01]

TASK [openstack.kolla.docker : Wait for Docker to start] ***********************
skipping: [ctrl01]
skipping: [comp01]

TASK [openstack.kolla.docker : Ensure containers are running after Docker upgrade] ***
skipping: [ctrl01]
skipping: [comp01]

TASK [openstack.kolla.docker : Ensure docker config directory exists] **********
ok: [ctrl01]
ok: [comp01]

TASK [openstack.kolla.docker : Write docker config] ****************************
ok: [ctrl01]
ok: [comp01]

TASK [openstack.kolla.docker : meta] *******************************************

TASK [openstack.kolla.docker : meta] *******************************************

TASK [openstack.kolla.docker : Get Docker API version] *************************
ok: [ctrl01]
ok: [comp01]

TASK [openstack.kolla.docker : Parse Docker system info] ***********************
ok: [ctrl01]
ok: [comp01]

TASK [openstack.kolla.docker : Determine if Docker uses containerd image store] ***
ok: [ctrl01]
ok: [comp01]

TASK [openstack.kolla.docker : Copying over containerd config] *****************
changed: [ctrl01]
changed: [comp01]

TASK [openstack.kolla.docker : Remove old docker options file] *****************
ok: [ctrl01]
ok: [comp01]

TASK [openstack.kolla.docker : Ensure docker service directory exists] *********
skipping: [ctrl01]
skipping: [comp01]

TASK [openstack.kolla.docker : Configure docker service] ***********************
skipping: [ctrl01]
skipping: [comp01]

TASK [openstack.kolla.docker : Ensure the path for CA file for private registry exists] ***
skipping: [ctrl01]
skipping: [comp01]

TASK [openstack.kolla.docker : Ensure the CA file for private registry exists] ***
skipping: [ctrl01]
skipping: [comp01]

TASK [openstack.kolla.docker : Flush handlers] *********************************

TASK [openstack.kolla.docker : Flush handlers] *********************************

RUNNING HANDLER [openstack.kolla.docker : Restart containerd] ******************
changed: [ctrl01]
changed: [comp01]

TASK [openstack.kolla.docker : Start and enable docker] ************************
changed: [ctrl01]
changed: [comp01]

TASK [openstack.kolla.docker : include_tasks] **********************************
skipping: [ctrl01]
skipping: [comp01]

TASK [openstack.kolla.kolla_user : Ensure groups are present] ******************
skipping: [ctrl01] => (item=docker) 
skipping: [ctrl01] => (item=sudo) 
skipping: [ctrl01] => (item=kolla) 
skipping: [ctrl01]
skipping: [comp01] => (item=docker) 
skipping: [comp01] => (item=sudo) 
skipping: [comp01] => (item=kolla) 
skipping: [comp01]

TASK [openstack.kolla.kolla_user : Create kolla user] **************************
skipping: [ctrl01]
skipping: [comp01]

TASK [openstack.kolla.kolla_user : Add public key to kolla user authorized keys] ***
skipping: [ctrl01]
skipping: [comp01]

TASK [openstack.kolla.kolla_user : Grant kolla user passwordless sudo] *********
skipping: [ctrl01]
skipping: [comp01]

TASK [openstack.kolla.docker_sdk : Get Python] *********************************
ok: [ctrl01]
ok: [comp01]

TASK [openstack.kolla.docker_sdk : Check if Python environment is externally managed] ***
ok: [ctrl01]
ok: [comp01]

TASK [openstack.kolla.docker_sdk : Set docker_sdk_python_externally_managed fact] ***
ok: [ctrl01]
ok: [comp01]

TASK [openstack.kolla.docker_sdk : include_tasks] ******************************
included: /home/tai/.ansible/collections/ansible_collections/openstack/kolla/roles/docker_sdk/tasks/install.yml for ctrl01, comp01

TASK [openstack.kolla.docker_sdk : Ensure apt sources list directory exists] ***
skipping: [ctrl01]
skipping: [comp01]

TASK [openstack.kolla.docker_sdk : Ensure apt keyrings directory exists] *******
skipping: [ctrl01]
skipping: [comp01]

TASK [openstack.kolla.docker_sdk : Install osbpo apt gpg key] ******************
skipping: [ctrl01]
skipping: [comp01]

TASK [openstack.kolla.docker_sdk : Enable osbpo apt repository] ****************
skipping: [ctrl01]
skipping: [comp01]

TASK [openstack.kolla.docker_sdk : Install packages] ***************************
changed: [ctrl01]
changed: [comp01]

TASK [openstack.kolla.docker_sdk : Check if virtualenv is a directory] *********
skipping: [ctrl01]
skipping: [comp01]

TASK [openstack.kolla.docker_sdk : Check if packaging is already installed] ****
skipping: [ctrl01]
skipping: [comp01]

TASK [openstack.kolla.docker_sdk : Install packaging into virtualenv] **********
skipping: [ctrl01]
skipping: [comp01]

TASK [openstack.kolla.docker_sdk : Install latest pip and packaging in the virtualenv] ***
skipping: [ctrl01]
skipping: [comp01]

TASK [openstack.kolla.docker_sdk : Install docker SDK for python using pip] ****
skipping: [ctrl01]
skipping: [comp01]

TASK [openstack.kolla.baremetal : Ensure node_config_directory directory exists] ***
ok: [ctrl01]
changed: [comp01]

TASK [openstack.kolla.apparmor_libvirt : include_tasks] ************************
included: /home/tai/.ansible/collections/ansible_collections/openstack/kolla/roles/apparmor_libvirt/tasks/remove-profile.yml for ctrl01, comp01

TASK [openstack.kolla.apparmor_libvirt : Get stat of libvirtd apparmor profile] ***
ok: [ctrl01]
ok: [comp01]

TASK [openstack.kolla.apparmor_libvirt : Get stat of libvirtd apparmor disable profile] ***
ok: [ctrl01]
ok: [comp01]

TASK [openstack.kolla.apparmor_libvirt : Remove apparmor profile for libvirt] ***
skipping: [ctrl01]
skipping: [comp01]

TASK [openstack.kolla.baremetal : Change state of selinux] *********************
skipping: [ctrl01]
skipping: [comp01]

TASK [openstack.kolla.baremetal : Set https proxy for git] *********************
skipping: [ctrl01]
skipping: [comp01]

TASK [openstack.kolla.baremetal : Set http proxy for git] **********************
skipping: [ctrl01]
skipping: [comp01]

TASK [openstack.kolla.baremetal : Configure ceph for zun] **********************
skipping: [ctrl01]
skipping: [comp01]

PLAY RECAP *********************************************************************
comp01                     : ok=42   changed=7    unreachable=0    failed=0    skipped=30   rescued=0    ignored=0   
ctrl01                     : ok=42   changed=6    unreachable=0    failed=0    skipped=30   rescued=0    ignored=0   
localhost                  : ok=2    changed=0    unreachable=0    failed=0    skipped=0    rescued=0    ignored=0   

